// Vitest Snapshot v1, https://vitest.dev/guide/snapshot.html

exports[`엔진 권한 규칙 (withBrowserRules) > 모드별 스냅숏 — 계획·기본·매번 묻기·전체 권한 1`] = `
{
  "ask": {
    "browser_brand_new": "ask",
    "browser_click": "ask",
    "browser_close": "ask",
    "browser_console_messages": "ask",
    "browser_drag": "ask",
    "browser_drop": "deny",
    "browser_emulate_media": "ask",
    "browser_evaluate": "ask",
    "browser_file_upload": "deny",
    "browser_fill_form": "ask",
    "browser_find": "ask",
    "browser_handle_dialog": "ask",
    "browser_hover": "ask",
    "browser_navigate": "ask",
    "browser_navigate_back": "ask",
    "browser_network_request": "ask",
    "browser_network_requests": "ask",
    "browser_press_key": "ask",
    "browser_resize": "ask",
    "browser_run_code_unsafe": "deny",
    "browser_select_option": "ask",
    "browser_snapshot": "ask",
    "browser_tabs": "ask",
    "browser_take_screenshot": "ask",
    "browser_type": "ask",
    "browser_wait_for": "ask",
  },
  "build": {
    "browser_brand_new": "ask",
    "browser_click": "ask",
    "browser_close": "allow",
    "browser_console_messages": "allow",
    "browser_drag": "ask",
    "browser_drop": "deny",
    "browser_emulate_media": "allow",
    "browser_evaluate": "ask",
    "browser_file_upload": "deny",
    "browser_fill_form": "ask",
    "browser_find": "allow",
    "browser_handle_dialog": "ask",
    "browser_hover": "ask",
    "browser_navigate": "ask",
    "browser_navigate_back": "ask",
    "browser_network_request": "allow",
    "browser_network_requests": "allow",
    "browser_press_key": "ask",
    "browser_resize": "allow",
    "browser_run_code_unsafe": "deny",
    "browser_select_option": "ask",
    "browser_snapshot": "allow",
    "browser_tabs": "ask",
    "browser_take_screenshot": "allow",
    "browser_type": "ask",
    "browser_wait_for": "allow",
  },
  "full": {
    "browser_brand_new": "ask",
    "browser_click": "ask",
    "browser_close": "allow",
    "browser_console_messages": "allow",
    "browser_drag": "ask",
    "browser_drop": "deny",
    "browser_emulate_media": "allow",
    "browser_evaluate": "ask",
    "browser_file_upload": "deny",
    "browser_fill_form": "ask",
    "browser_find": "allow",
    "browser_handle_dialog": "ask",
    "browser_hover": "ask",
    "browser_navigate": "ask",
    "browser_navigate_back": "ask",
    "browser_network_request": "allow",
    "browser_network_requests": "allow",
    "browser_press_key": "ask",
    "browser_resize": "allow",
    "browser_run_code_unsafe": "deny",
    "browser_select_option": "ask",
    "browser_snapshot": "allow",
    "browser_tabs": "ask",
    "browser_take_screenshot": "allow",
    "browser_type": "ask",
    "browser_wait_for": "allow",
  },
  "plan": {
    "browser_brand_new": "deny",
    "browser_click": "deny",
    "browser_close": "deny",
    "browser_console_messages": "allow",
    "browser_drag": "deny",
    "browser_drop": "deny",
    "browser_emulate_media": "deny",
    "browser_evaluate": "deny",
    "browser_file_upload": "deny",
    "browser_fill_form": "deny",
    "browser_find": "allow",
    "browser_handle_dialog": "deny",
    "browser_hover": "deny",
    "browser_navigate": "deny",
    "browser_navigate_back": "deny",
    "browser_network_request": "allow",
    "browser_network_requests": "allow",
    "browser_press_key": "deny",
    "browser_resize": "deny",
    "browser_run_code_unsafe": "deny",
    "browser_select_option": "deny",
    "browser_snapshot": "allow",
    "browser_tabs": "deny",
    "browser_take_screenshot": "allow",
    "browser_type": "deny",
    "browser_wait_for": "allow",
  },
}
`;
