// Vitest Snapshot v1, https://vitest.dev/guide/snapshot.html

exports[`engineConfig — 도구 실행 전 게이트 (#102) > 빈 매처(전부): 모드마다 스냅숏 — 계획·기본·매번 묻기·전체 권한 + 하위 에이전트 1`] = `
{
  "build": [
    "litecode_send_to_session: "ask"",
    "litecode_start_session: "ask"",
    "litecode_present: "allow"",
    "bash: "ask"",
    "edit: "ask"",
    "read: "ask"",
    "skill: {"*":"ask","customize-opencode":"deny"}",
    "task: {"*":"ask","general-ask":"deny"}",
    "todowrite: "ask"",
    "*_*: "ask"",
    "plan_exit: "deny"",
  ],
  "explore": [
    "bash: "ask"",
    "read: "ask"",
  ],
  "general": [
    "bash: "ask"",
    "edit: "ask"",
    "read: "ask"",
    "skill: {"*":"ask","customize-opencode":"deny"}",
    "task: {"*":"ask","general-ask":"deny"}",
    "*_*: "ask"",
    "plan_enter: "deny"",
    "plan_exit: "deny"",
    "litecode_send_to_session: "deny"",
    "litecode_start_session: "deny"",
    "litecode_present: "deny"",
  ],
  "general-ask": [
    "todowrite: "deny"",
    "edit: "ask"",
    "bash: "ask"",
    "webfetch: "ask"",
    "websearch: "ask"",
    "*_*: "ask"",
    "plan_enter: "deny"",
    "plan_exit: "deny"",
    "litecode_present: "deny"",
    "litecode_send_to_session: "deny"",
    "litecode_start_session: "deny"",
    "read: "ask"",
    "skill: {"*":"ask","customize-opencode":"deny"}",
    "task: {"*":"ask","general-ask":"deny"}",
  ],
  "litecode-ask": [
    "edit: "ask"",
    "bash: "ask"",
    "webfetch: "ask"",
    "websearch: "ask"",
    "question: "allow"",
    "*_*: "ask"",
    "plan_enter: "deny"",
    "plan_exit: "deny"",
    "read: "ask"",
    "skill: {"*":"ask","customize-opencode":"deny"}",
    "task: {"*":"deny","general-ask":"ask"}",
    "todowrite: "ask"",
    "litecode_present: "ask"",
    "litecode_open_file: "ask"",
    "litecode_open_terminal: "ask"",
    "litecode_list_sessions: "ask"",
    "litecode_read_session: "ask"",
  ],
  "litecode-full": [
    "*: "allow"",
    "litecode_send_to_session: "ask"",
    "litecode_start_session: "ask"",
    "litecode_present: "allow"",
    "bash: "ask"",
    "edit: "ask"",
    "read: "ask"",
    "skill: {"*":"ask","customize-opencode":"deny"}",
    "task: {"*":"ask","general-ask":"deny"}",
    "todowrite: "ask"",
    "*_*: "ask"",
  ],
  "plan": [
    "edit: "deny"",
    "bash: "deny"",
    "webfetch: "deny"",
    "websearch: "deny"",
    "task: "deny"",
    "*_*: "deny"",
    "external_directory: "ask"",
    "doom_loop: "ask"",
    "read: "ask"",
    "skill: {"*":"ask","customize-opencode":"deny"}",
    "todowrite: "ask"",
    "litecode_present: "ask"",
    "litecode_open_file: "ask"",
    "litecode_list_sessions: "ask"",
    "litecode_read_session: "ask"",
  ],
}
`;
